{"level":"INFO","message":"[6:53:34.040 AM]: Creating new connection object"}
{"level":"INFO","message":"[6:53:34.057 AM]: Creating Connection[id: fb57a3be-c603-433b-a52a-aae89ca4b136] with host: corvxvw-yic23792.snowflakecomputing.com, account: corvxvw-yic23792, accessUrl: https://corvxvw-yic23792.snowflakecomputing.com, user: DennisNi028, password is provided, role: undefined, database: WAHOOWEST, schema: PUBLIC, warehouse: COMPUTE_WH, region: undefined, authenticator: SNOWFLAKE, ocsp mode: FAIL_OPEN, os: darwin, os version: 25.3.0"}
{"level":"INFO","message":"[6:53:34.058 AM]: Connection[id: fb57a3be-c603-433b-a52a-aae89ca4b136] additional details: passcode in password is provided, passcode is not provided, private key is not provided, application: undefined, client name: snowflake-sdk, client version: 1.15.0, retry timeout: 300, private key path: undefined, private key pass is not provided, client store temporary credential: false, browser response timeout: 120000"}
{"level":"INFO","message":"[6:53:34.058 AM]: Connection[id: fb57a3be-c603-433b-a52a-aae89ca4b136] - connection object created successfully."}
{"level":"INFO","message":"[6:53:34.058 AM]: Connection[id: fb57a3be-c603-433b-a52a-aae89ca4b136] - connecting. Associated Snowflake domain: GLOBAL"}
{"level":"INFO","message":"[6:53:34.059 AM]: Connection[id: fb57a3be-c603-433b-a52a-aae89ca4b136] - authentication successful using: SNOWFLAKE"}
{"level":"INFO","message":"[6:53:34.059 AM]: Trying to initialize Easy Logging"}
{"level":"INFO","message":"[6:53:34.061 AM]: No client config detected."}
{"level":"INFO","message":"[6:53:34.061 AM]: No config file path found. Client config will not be used."}
{"level":"INFO","message":"[6:53:34.062 AM]: Easy Logging is disabled as no config has been found"}
{"level":"INFO","message":"[6:53:34.064 AM]: Connection[id: fb57a3be-c603-433b-a52a-aae89ca4b136] - connected successfully after 5.627583000001323 milliseconds"}
{"level":"INFO","message":"[6:53:36.563 AM]: Creating new connection object"}
{"level":"INFO","message":"[6:53:36.564 AM]: Creating Connection[id: 3f88e522-ae29-4707-ad81-b07419f87ab0] with host: corvxvw-yic23792.snowflakecomputing.com, account: corvxvw-yic23792, accessUrl: https://corvxvw-yic23792.snowflakecomputing.com, user: DennisNi028, password is provided, role: undefined, database: WAHOOWEST, schema: PUBLIC, warehouse: COMPUTE_WH, region: undefined, authenticator: SNOWFLAKE, ocsp mode: FAIL_OPEN, os: darwin, os version: 25.3.0"}
{"level":"INFO","message":"[6:53:36.564 AM]: Connection[id: 3f88e522-ae29-4707-ad81-b07419f87ab0] additional details: passcode in password is provided, passcode is not provided, private key is not provided, application: undefined, client name: snowflake-sdk, client version: 1.15.0, retry timeout: 300, private key path: undefined, private key pass is not provided, client store temporary credential: false, browser response timeout: 120000"}
{"level":"INFO","message":"[6:53:36.564 AM]: Connection[id: 3f88e522-ae29-4707-ad81-b07419f87ab0] - connection object created successfully."}
{"level":"INFO","message":"[6:53:36.565 AM]: Connection[id: 3f88e522-ae29-4707-ad81-b07419f87ab0] - connecting. Associated Snowflake domain: GLOBAL"}
{"level":"INFO","message":"[6:53:36.565 AM]: Connection[id: 3f88e522-ae29-4707-ad81-b07419f87ab0] - authentication successful using: SNOWFLAKE"}
{"level":"INFO","message":"[6:53:36.565 AM]: Connection[id: 3f88e522-ae29-4707-ad81-b07419f87ab0] - connected successfully after 0.9522500000020955 milliseconds"}
{"level":"INFO","message":"[6:55:11.860 AM]: Creating new connection object"}
{"level":"INFO","message":"[6:55:11.870 AM]: Creating Connection[id: a62ee013-6797-4dc0-a95c-ea8296699685] with host: corvxvw-yic23792.snowflakecomputing.com, account: corvxvw-yic23792, accessUrl: https://corvxvw-yic23792.snowflakecomputing.com, user: DennisNi028, password is provided, role: undefined, database: WAHOOWEST, schema: PUBLIC, warehouse: COMPUTE_WH, region: undefined, authenticator: SNOWFLAKE, ocsp mode: FAIL_OPEN, os: darwin, os version: 25.3.0"}
{"level":"INFO","message":"[6:55:11.870 AM]: Connection[id: a62ee013-6797-4dc0-a95c-ea8296699685] additional details: passcode in password is provided, passcode is not provided, private key is not provided, application: undefined, client name: snowflake-sdk, client version: 1.15.0, retry timeout: 300, private key path: undefined, private key pass is not provided, client store temporary credential: false, browser response timeout: 120000"}
{"level":"INFO","message":"[6:55:11.871 AM]: Connection[id: a62ee013-6797-4dc0-a95c-ea8296699685] - connection object created successfully."}
{"level":"INFO","message":"[6:55:11.871 AM]: Connection[id: a62ee013-6797-4dc0-a95c-ea8296699685] - connecting. Associated Snowflake domain: GLOBAL"}
{"level":"INFO","message":"[6:55:11.872 AM]: Connection[id: a62ee013-6797-4dc0-a95c-ea8296699685] - authentication successful using: SNOWFLAKE"}
{"level":"INFO","message":"[6:55:11.877 AM]: Connection[id: a62ee013-6797-4dc0-a95c-ea8296699685] - connected successfully after 6.1206660000025295 milliseconds"}
{"level":"INFO","message":"[6:55:12.898 AM]: Creating new connection object"}
{"level":"INFO","message":"[6:55:12.899 AM]: Creating Connection[id: b76f24ee-98c5-44d7-8b16-871f235b8108] with host: corvxvw-yic23792.snowflakecomputing.com, account: corvxvw-yic23792, accessUrl: https://corvxvw-yic23792.snowflakecomputing.com, user: DennisNi028, password is provided, role: undefined, database: WAHOOWEST, schema: PUBLIC, warehouse: COMPUTE_WH, region: undefined, authenticator: SNOWFLAKE, ocsp mode: FAIL_OPEN, os: darwin, os version: 25.3.0"}
{"level":"INFO","message":"[6:55:12.900 AM]: Connection[id: b76f24ee-98c5-44d7-8b16-871f235b8108] additional details: passcode in password is provided, passcode is not provided, private key is not provided, application: undefined, client name: snowflake-sdk, client version: 1.15.0, retry timeout: 300, private key path: undefined, private key pass is not provided, client store temporary credential: false, browser response timeout: 120000"}
{"level":"INFO","message":"[6:55:12.900 AM]: Connection[id: b76f24ee-98c5-44d7-8b16-871f235b8108] - connection object created successfully."}
{"level":"INFO","message":"[6:55:12.900 AM]: Connection[id: b76f24ee-98c5-44d7-8b16-871f235b8108] - connecting. Associated Snowflake domain: GLOBAL"}
{"level":"INFO","message":"[6:55:12.900 AM]: Connection[id: b76f24ee-98c5-44d7-8b16-871f235b8108] - authentication successful using: SNOWFLAKE"}
{"level":"INFO","message":"[6:55:12.901 AM]: Connection[id: b76f24ee-98c5-44d7-8b16-871f235b8108] - connected successfully after 0.8008329999865964 milliseconds"}
{"level":"INFO","message":"[6:56:05.933 AM]: Creating new connection object"}
{"level":"INFO","message":"[6:56:05.938 AM]: Creating Connection[id: 9d75dd86-f32c-4e08-9b65-19ee84160f06] with host: corvxvw-yic23792.snowflakecomputing.com, account: corvxvw-yic23792, accessUrl: https://corvxvw-yic23792.snowflakecomputing.com, user: DennisNi028, password is provided, role: undefined, database: WAHOOWEST, schema: PUBLIC, warehouse: COMPUTE_WH, region: undefined, authenticator: SNOWFLAKE, ocsp mode: FAIL_OPEN, os: darwin, os version: 25.3.0"}
{"level":"INFO","message":"[6:56:05.938 AM]: Connection[id: 9d75dd86-f32c-4e08-9b65-19ee84160f06] additional details: passcode in password is provided, passcode is not provided, private key is not provided, application: undefined, client name: snowflake-sdk, client version: 1.15.0, retry timeout: 300, private key path: undefined, private key pass is not provided, client store temporary credential: false, browser response timeout: 120000"}
{"level":"INFO","message":"[6:56:05.938 AM]: Connection[id: 9d75dd86-f32c-4e08-9b65-19ee84160f06] - connection object created successfully."}
{"level":"INFO","message":"[6:56:05.939 AM]: Connection[id: 9d75dd86-f32c-4e08-9b65-19ee84160f06] - connecting. Associated Snowflake domain: GLOBAL"}
{"level":"INFO","message":"[6:56:05.939 AM]: Connection[id: 9d75dd86-f32c-4e08-9b65-19ee84160f06] - authentication successful using: SNOWFLAKE"}
{"level":"INFO","message":"[6:56:05.940 AM]: Connection[id: 9d75dd86-f32c-4e08-9b65-19ee84160f06] - connected successfully after 1.06045799999265 milliseconds"}
{"level":"INFO","message":"[6:56:07.083 AM]: Creating new connection object"}
{"level":"INFO","message":"[6:56:07.085 AM]: Creating Connection[id: dc393926-fed8-407b-9ff0-de40762c743e] with host: corvxvw-yic23792.snowflakecomputing.com, account: corvxvw-yic23792, accessUrl: https://corvxvw-yic23792.snowflakecomputing.com, user: DennisNi028, password is provided, role: undefined, database: WAHOOWEST, schema: PUBLIC, warehouse: COMPUTE_WH, region: undefined, authenticator: SNOWFLAKE, ocsp mode: FAIL_OPEN, os: darwin, os version: 25.3.0"}
{"level":"INFO","message":"[6:56:07.085 AM]: Connection[id: dc393926-fed8-407b-9ff0-de40762c743e] additional details: passcode in password is provided, passcode is not provided, private key is not provided, application: undefined, client name: snowflake-sdk, client version: 1.15.0, retry timeout: 300, private key path: undefined, private key pass is not provided, client store temporary credential: false, browser response timeout: 120000"}
{"level":"INFO","message":"[6:56:07.085 AM]: Connection[id: dc393926-fed8-407b-9ff0-de40762c743e] - connection object created successfully."}
{"level":"INFO","message":"[6:56:07.085 AM]: Connection[id: dc393926-fed8-407b-9ff0-de40762c743e] - connecting. Associated Snowflake domain: GLOBAL"}
{"level":"INFO","message":"[6:56:07.086 AM]: Connection[id: dc393926-fed8-407b-9ff0-de40762c743e] - authentication successful using: SNOWFLAKE"}
{"level":"INFO","message":"[6:56:07.087 AM]: Connection[id: dc393926-fed8-407b-9ff0-de40762c743e] - connected successfully after 1.1539169999887235 milliseconds"}
{"level":"INFO","message":"[6:56:49.291 AM]: Creating new connection object"}
{"level":"INFO","message":"[6:56:49.294 AM]: Creating Connection[id: 45521942-53c1-471a-b5f5-dd22e552342b] with host: corvxvw-yic23792.snowflakecomputing.com, account: corvxvw-yic23792, accessUrl: https://corvxvw-yic23792.snowflakecomputing.com, user: DennisNi028, password is provided, role: undefined, database: WAHOOWEST, schema: PUBLIC, warehouse: COMPUTE_WH, region: undefined, authenticator: SNOWFLAKE, ocsp mode: FAIL_OPEN, os: darwin, os version: 25.3.0"}
{"level":"INFO","message":"[6:56:49.296 AM]: Connection[id: 45521942-53c1-471a-b5f5-dd22e552342b] additional details: passcode in password is provided, passcode is not provided, private key is not provided, application: undefined, client name: snowflake-sdk, client version: 1.15.0, retry timeout: 300, private key path: undefined, private key pass is not provided, client store temporary credential: false, browser response timeout: 120000"}
{"level":"INFO","message":"[6:56:49.297 AM]: Connection[id: 45521942-53c1-471a-b5f5-dd22e552342b] - connection object created successfully."}
{"level":"INFO","message":"[6:56:49.297 AM]: Connection[id: 45521942-53c1-471a-b5f5-dd22e552342b] - connecting. Associated Snowflake domain: GLOBAL"}
{"level":"INFO","message":"[6:56:49.297 AM]: Connection[id: 45521942-53c1-471a-b5f5-dd22e552342b] - authentication successful using: SNOWFLAKE"}
{"level":"INFO","message":"[6:56:49.304 AM]: Connection[id: 45521942-53c1-471a-b5f5-dd22e552342b] - connected successfully after 7.433667000004789 milliseconds"}
{"level":"INFO","message":"[6:56:50.284 AM]: Creating new connection object"}
{"level":"INFO","message":"[6:56:50.285 AM]: Creating Connection[id: a48e5d1f-25a5-48b3-974d-4e0bd7b5b47f] with host: corvxvw-yic23792.snowflakecomputing.com, account: corvxvw-yic23792, accessUrl: https://corvxvw-yic23792.snowflakecomputing.com, user: DennisNi028, password is provided, role: undefined, database: WAHOOWEST, schema: PUBLIC, warehouse: COMPUTE_WH, region: undefined, authenticator: SNOWFLAKE, ocsp mode: FAIL_OPEN, os: darwin, os version: 25.3.0"}
{"level":"INFO","message":"[6:56:50.286 AM]: Connection[id: a48e5d1f-25a5-48b3-974d-4e0bd7b5b47f] additional details: passcode in password is provided, passcode is not provided, private key is not provided, application: undefined, client name: snowflake-sdk, client version: 1.15.0, retry timeout: 300, private key path: undefined, private key pass is not provided, client store temporary credential: false, browser response timeout: 120000"}
{"level":"INFO","message":"[6:56:50.286 AM]: Connection[id: a48e5d1f-25a5-48b3-974d-4e0bd7b5b47f] - connection object created successfully."}
{"level":"INFO","message":"[6:56:50.286 AM]: Connection[id: a48e5d1f-25a5-48b3-974d-4e0bd7b5b47f] - connecting. Associated Snowflake domain: GLOBAL"}
{"level":"INFO","message":"[6:56:50.286 AM]: Connection[id: a48e5d1f-25a5-48b3-974d-4e0bd7b5b47f] - authentication successful using: SNOWFLAKE"}
{"level":"INFO","message":"[6:56:50.287 AM]: Connection[id: a48e5d1f-25a5-48b3-974d-4e0bd7b5b47f] - connected successfully after 1.1269580000080168 milliseconds"}
{"level":"INFO","message":"[7:00:54.724 AM]: Creating new connection object"}
{"level":"INFO","message":"[7:00:54.733 AM]: Creating Connection[id: 92d0781f-a490-4a67-97a9-4b7b64c9d64e] with host: corvxvw-yic23792.snowflakecomputing.com, account: corvxvw-yic23792, accessUrl: https://corvxvw-yic23792.snowflakecomputing.com, user: DennisNi028, password is provided, role: undefined, database: WAHOOWEST, schema: PUBLIC, warehouse: COMPUTE_WH, region: undefined, authenticator: SNOWFLAKE, ocsp mode: FAIL_OPEN, os: darwin, os version: 25.3.0"}
{"level":"INFO","message":"[7:00:54.733 AM]: Connection[id: 92d0781f-a490-4a67-97a9-4b7b64c9d64e] additional details: passcode in password is provided, passcode is not provided, private key is not provided, application: undefined, client name: snowflake-sdk, client version: 1.15.0, retry timeout: 300, private key path: undefined, private key pass is not provided, client store temporary credential: false, browser response timeout: 120000"}
{"level":"INFO","message":"[7:00:54.734 AM]: Connection[id: 92d0781f-a490-4a67-97a9-4b7b64c9d64e] - connection object created successfully."}
{"level":"INFO","message":"[7:00:54.734 AM]: Connection[id: 92d0781f-a490-4a67-97a9-4b7b64c9d64e] - connecting. Associated Snowflake domain: GLOBAL"}
{"level":"INFO","message":"[7:00:54.736 AM]: Connection[id: 92d0781f-a490-4a67-97a9-4b7b64c9d64e] - authentication successful using: SNOWFLAKE"}
{"level":"INFO","message":"[7:00:54.740 AM]: Connection[id: 92d0781f-a490-4a67-97a9-4b7b64c9d64e] - connected successfully after 5.243665999965742 milliseconds"}
{"level":"INFO","message":"[7:00:57.603 AM]: Creating new connection object"}
{"level":"INFO","message":"[7:00:57.604 AM]: Creating Connection[id: 76f16c8e-e64f-4ec5-a384-49d4c12e71d6] with host: corvxvw-yic23792.snowflakecomputing.com, account: corvxvw-yic23792, accessUrl: https://corvxvw-yic23792.snowflakecomputing.com, user: DennisNi028, password is provided, role: undefined, database: WAHOOWEST, schema: PUBLIC, warehouse: COMPUTE_WH, region: undefined, authenticator: SNOWFLAKE, ocsp mode: FAIL_OPEN, os: darwin, os version: 25.3.0"}
{"level":"INFO","message":"[7:00:57.604 AM]: Connection[id: 76f16c8e-e64f-4ec5-a384-49d4c12e71d6] additional details: passcode in password is provided, passcode is not provided, private key is not provided, application: undefined, client name: snowflake-sdk, client version: 1.15.0, retry timeout: 300, private key path: undefined, private key pass is not provided, client store temporary credential: false, browser response timeout: 120000"}
{"level":"INFO","message":"[7:00:57.605 AM]: Connection[id: 76f16c8e-e64f-4ec5-a384-49d4c12e71d6] - connection object created successfully."}
{"level":"INFO","message":"[7:00:57.605 AM]: Connection[id: 76f16c8e-e64f-4ec5-a384-49d4c12e71d6] - connecting. Associated Snowflake domain: GLOBAL"}
{"level":"INFO","message":"[7:00:57.605 AM]: Connection[id: 76f16c8e-e64f-4ec5-a384-49d4c12e71d6] - authentication successful using: SNOWFLAKE"}
{"level":"INFO","message":"[7:00:57.606 AM]: Connection[id: 76f16c8e-e64f-4ec5-a384-49d4c12e71d6] - connected successfully after 0.838415999955032 milliseconds"}
{"level":"INFO","message":"[7:02:31.971 AM]: Creating new connection object"}
{"level":"INFO","message":"[7:02:31.975 AM]: Creating Connection[id: b2814fcd-f81c-463a-b328-ed0406506268] with host: corvxvw-yic23792.snowflakecomputing.com, account: corvxvw-yic23792, accessUrl: https://corvxvw-yic23792.snowflakecomputing.com, user: DennisNi028, password is provided, role: undefined, database: WAHOOWEST, schema: PUBLIC, warehouse: COMPUTE_WH, region: undefined, authenticator: SNOWFLAKE, ocsp mode: FAIL_OPEN, os: darwin, os version: 25.3.0"}
{"level":"INFO","message":"[7:02:31.975 AM]: Connection[id: b2814fcd-f81c-463a-b328-ed0406506268] additional details: passcode in password is provided, passcode is not provided, private key is not provided, application: undefined, client name: snowflake-sdk, client version: 1.15.0, retry timeout: 300, private key path: undefined, private key pass is not provided, client store temporary credential: false, browser response timeout: 120000"}
{"level":"INFO","message":"[7:02:31.975 AM]: Connection[id: b2814fcd-f81c-463a-b328-ed0406506268] - connection object created successfully."}
{"level":"INFO","message":"[7:02:31.976 AM]: Connection[id: b2814fcd-f81c-463a-b328-ed0406506268] - connecting. Associated Snowflake domain: GLOBAL"}
{"level":"INFO","message":"[7:02:31.976 AM]: Connection[id: b2814fcd-f81c-463a-b328-ed0406506268] - authentication successful using: SNOWFLAKE"}
{"level":"INFO","message":"[7:02:31.990 AM]: Connection[id: b2814fcd-f81c-463a-b328-ed0406506268] - connected successfully after 14.236417000065558 milliseconds"}
{"level":"INFO","message":"[7:02:33.604 AM]: Creating new connection object"}
{"level":"INFO","message":"[7:02:33.605 AM]: Creating Connection[id: 5a4dc661-f156-442d-8a15-5a52d50bd6a5] with host: corvxvw-yic23792.snowflakecomputing.com, account: corvxvw-yic23792, accessUrl: https://corvxvw-yic23792.snowflakecomputing.com, user: DennisNi028, password is provided, role: undefined, database: WAHOOWEST, schema: PUBLIC, warehouse: COMPUTE_WH, region: undefined, authenticator: SNOWFLAKE, ocsp mode: FAIL_OPEN, os: darwin, os version: 25.3.0"}
{"level":"INFO","message":"[7:02:33.606 AM]: Connection[id: 5a4dc661-f156-442d-8a15-5a52d50bd6a5] additional details: passcode in password is provided, passcode is not provided, private key is not provided, application: undefined, client name: snowflake-sdk, client version: 1.15.0, retry timeout: 300, private key path: undefined, private key pass is not provided, client store temporary credential: false, browser response timeout: 120000"}
{"level":"INFO","message":"[7:02:33.606 AM]: Connection[id: 5a4dc661-f156-442d-8a15-5a52d50bd6a5] - connection object created successfully."}
{"level":"INFO","message":"[7:02:33.606 AM]: Connection[id: 5a4dc661-f156-442d-8a15-5a52d50bd6a5] - connecting. Associated Snowflake domain: GLOBAL"}
{"level":"INFO","message":"[7:02:33.606 AM]: Connection[id: 5a4dc661-f156-442d-8a15-5a52d50bd6a5] - authentication successful using: SNOWFLAKE"}
{"level":"INFO","message":"[7:02:33.607 AM]: Connection[id: 5a4dc661-f156-442d-8a15-5a52d50bd6a5] - connected successfully after 0.6621670000022277 milliseconds"}
{"level":"INFO","message":"[7:10:19.322 AM]: Creating new connection object"}
{"level":"INFO","message":"[7:10:19.345 AM]: Creating Connection[id: a268896c-e717-45a2-817b-f1a77334636d] with host: corvxvw-yic23792.snowflakecomputing.com, account: corvxvw-yic23792, accessUrl: https://corvxvw-yic23792.snowflakecomputing.com, user: DennisNi028, password is provided, role: undefined, database: WAHOOWEST, schema: PUBLIC, warehouse: COMPUTE_WH, region: undefined, authenticator: SNOWFLAKE, ocsp mode: FAIL_OPEN, os: darwin, os version: 25.3.0"}
{"level":"INFO","message":"[7:10:19.346 AM]: Connection[id: a268896c-e717-45a2-817b-f1a77334636d] additional details: passcode in password is provided, passcode is not provided, private key is not provided, application: undefined, client name: snowflake-sdk, client version: 1.15.0, retry timeout: 300, private key path: undefined, private key pass is not provided, client store temporary credential: false, browser response timeout: 120000"}
{"level":"INFO","message":"[7:10:19.346 AM]: Connection[id: a268896c-e717-45a2-817b-f1a77334636d] - connection object created successfully."}
{"level":"INFO","message":"[7:10:19.347 AM]: Connection[id: a268896c-e717-45a2-817b-f1a77334636d] - connecting. Associated Snowflake domain: GLOBAL"}
{"level":"INFO","message":"[7:10:19.349 AM]: Connection[id: a268896c-e717-45a2-817b-f1a77334636d] - authentication successful using: SNOWFLAKE"}
{"level":"INFO","message":"[7:10:19.349 AM]: Trying to initialize Easy Logging"}
{"level":"INFO","message":"[7:10:19.350 AM]: No client config detected."}
{"level":"INFO","message":"[7:10:19.351 AM]: No config file path found. Client config will not be used."}
{"level":"INFO","message":"[7:10:19.351 AM]: Easy Logging is disabled as no config has been found"}
{"level":"INFO","message":"[7:10:19.354 AM]: Connection[id: a268896c-e717-45a2-817b-f1a77334636d] - connected successfully after 7.5966669999997976 milliseconds"}
{"level":"INFO","message":"[7:10:20.941 AM]: Creating new connection object"}
{"level":"INFO","message":"[7:10:20.942 AM]: Creating Connection[id: 4ac2e805-b8ad-43b5-8a57-dd138605815a] with host: corvxvw-yic23792.snowflakecomputing.com, account: corvxvw-yic23792, accessUrl: https://corvxvw-yic23792.snowflakecomputing.com, user: DennisNi028, password is provided, role: undefined, database: WAHOOWEST, schema: PUBLIC, warehouse: COMPUTE_WH, region: undefined, authenticator: SNOWFLAKE, ocsp mode: FAIL_OPEN, os: darwin, os version: 25.3.0"}
{"level":"INFO","message":"[7:10:20.943 AM]: Connection[id: 4ac2e805-b8ad-43b5-8a57-dd138605815a] additional details: passcode in password is provided, passcode is not provided, private key is not provided, application: undefined, client name: snowflake-sdk, client version: 1.15.0, retry timeout: 300, private key path: undefined, private key pass is not provided, client store temporary credential: false, browser response timeout: 120000"}
{"level":"INFO","message":"[7:10:20.943 AM]: Connection[id: 4ac2e805-b8ad-43b5-8a57-dd138605815a] - connection object created successfully."}
{"level":"INFO","message":"[7:10:20.943 AM]: Connection[id: 4ac2e805-b8ad-43b5-8a57-dd138605815a] - connecting. Associated Snowflake domain: GLOBAL"}
{"level":"INFO","message":"[7:10:20.943 AM]: Connection[id: 4ac2e805-b8ad-43b5-8a57-dd138605815a] - authentication successful using: SNOWFLAKE"}
{"level":"INFO","message":"[7:10:20.944 AM]: Connection[id: 4ac2e805-b8ad-43b5-8a57-dd138605815a] - connected successfully after 0.8476670000000013 milliseconds"}
{"level":"INFO","message":"[7:28:08.658 AM]: Creating new connection object"}
{"level":"INFO","message":"[7:28:08.684 AM]: Creating Connection[id: 26b013a6-a186-4c6f-800e-3d377fc4d425] with host: corvxvw-yic23792.snowflakecomputing.com, account: corvxvw-yic23792, accessUrl: https://corvxvw-yic23792.snowflakecomputing.com, user: DennisNi028, password is provided, role: undefined, database: WAHOOWEST, schema: PUBLIC, warehouse: COMPUTE_WH, region: undefined, authenticator: SNOWFLAKE, ocsp mode: FAIL_OPEN, os: darwin, os version: 25.3.0"}
{"level":"INFO","message":"[7:28:08.685 AM]: Connection[id: 26b013a6-a186-4c6f-800e-3d377fc4d425] additional details: passcode in password is provided, passcode is not provided, private key is not provided, application: undefined, client name: snowflake-sdk, client version: 1.15.0, retry timeout: 300, private key path: undefined, private key pass is not provided, client store temporary credential: false, browser response timeout: 120000"}
{"level":"INFO","message":"[7:28:08.685 AM]: Connection[id: 26b013a6-a186-4c6f-800e-3d377fc4d425] - connection object created successfully."}
{"level":"INFO","message":"[7:28:08.685 AM]: Connection[id: 26b013a6-a186-4c6f-800e-3d377fc4d425] - connecting. Associated Snowflake domain: GLOBAL"}
{"level":"INFO","message":"[7:28:08.686 AM]: Connection[id: 26b013a6-a186-4c6f-800e-3d377fc4d425] - authentication successful using: SNOWFLAKE"}
{"level":"INFO","message":"[7:28:08.692 AM]: Connection[id: 26b013a6-a186-4c6f-800e-3d377fc4d425] - connected successfully after 6.207709000213072 milliseconds"}
{"level":"INFO","message":"[7:28:09.886 AM]: Creating new connection object"}
{"level":"INFO","message":"[7:28:09.888 AM]: Creating Connection[id: 29349c60-5ba5-4988-9912-7e876257ee95] with host: corvxvw-yic23792.snowflakecomputing.com, account: corvxvw-yic23792, accessUrl: https://corvxvw-yic23792.snowflakecomputing.com, user: DennisNi028, password is provided, role: undefined, database: WAHOOWEST, schema: PUBLIC, warehouse: COMPUTE_WH, region: undefined, authenticator: SNOWFLAKE, ocsp mode: FAIL_OPEN, os: darwin, os version: 25.3.0"}
{"level":"INFO","message":"[7:28:09.888 AM]: Connection[id: 29349c60-5ba5-4988-9912-7e876257ee95] additional details: passcode in password is provided, passcode is not provided, private key is not provided, application: undefined, client name: snowflake-sdk, client version: 1.15.0, retry timeout: 300, private key path: undefined, private key pass is not provided, client store temporary credential: false, browser response timeout: 120000"}
{"level":"INFO","message":"[7:28:09.888 AM]: Connection[id: 29349c60-5ba5-4988-9912-7e876257ee95] - connection object created successfully."}
{"level":"INFO","message":"[7:28:09.888 AM]: Connection[id: 29349c60-5ba5-4988-9912-7e876257ee95] - connecting. Associated Snowflake domain: GLOBAL"}
{"level":"INFO","message":"[7:28:09.888 AM]: Connection[id: 29349c60-5ba5-4988-9912-7e876257ee95] - authentication successful using: SNOWFLAKE"}
{"level":"INFO","message":"[7:28:09.889 AM]: Connection[id: 29349c60-5ba5-4988-9912-7e876257ee95] - connected successfully after 0.6367909999098629 milliseconds"}
{"level":"INFO","message":"[7:38:44.933 AM]: Creating new connection object"}
{"level":"INFO","message":"[7:38:44.970 AM]: Creating Connection[id: 073fc6d7-f3a0-40ad-b7e2-dbe5eefefa4b] with host: corvxvw-yic23792.snowflakecomputing.com, account: corvxvw-yic23792, accessUrl: https://corvxvw-yic23792.snowflakecomputing.com, user: DennisNi028, password is provided, role: undefined, database: WAHOOWEST, schema: PUBLIC, warehouse: COMPUTE_WH, region: undefined, authenticator: SNOWFLAKE, ocsp mode: FAIL_OPEN, os: darwin, os version: 25.3.0"}
{"level":"INFO","message":"[7:38:44.971 AM]: Connection[id: 073fc6d7-f3a0-40ad-b7e2-dbe5eefefa4b] additional details: passcode in password is provided, passcode is not provided, private key is not provided, application: undefined, client name: snowflake-sdk, client version: 1.15.0, retry timeout: 300, private key path: undefined, private key pass is not provided, client store temporary credential: false, browser response timeout: 120000"}
{"level":"INFO","message":"[7:38:44.971 AM]: Connection[id: 073fc6d7-f3a0-40ad-b7e2-dbe5eefefa4b] - connection object created successfully."}
{"level":"INFO","message":"[7:38:44.972 AM]: Connection[id: 073fc6d7-f3a0-40ad-b7e2-dbe5eefefa4b] - connecting. Associated Snowflake domain: GLOBAL"}
{"level":"INFO","message":"[7:38:44.973 AM]: Connection[id: 073fc6d7-f3a0-40ad-b7e2-dbe5eefefa4b] - authentication successful using: SNOWFLAKE"}
{"level":"INFO","message":"[7:38:44.973 AM]: Trying to initialize Easy Logging"}
{"level":"INFO","message":"[7:38:44.976 AM]: No client config detected."}
{"level":"INFO","message":"[7:38:44.976 AM]: No config file path found. Client config will not be used."}
{"level":"INFO","message":"[7:38:44.977 AM]: Easy Logging is disabled as no config has been found"}
{"level":"INFO","message":"[7:38:44.981 AM]: Connection[id: 073fc6d7-f3a0-40ad-b7e2-dbe5eefefa4b] - connected successfully after 8.892500000001746 milliseconds"}
{"level":"INFO","message":"[7:38:46.517 AM]: Creating new connection object"}
{"level":"INFO","message":"[7:38:46.518 AM]: Creating Connection[id: e601db5d-7097-41e4-b650-30ebd2b9cbec] with host: corvxvw-yic23792.snowflakecomputing.com, account: corvxvw-yic23792, accessUrl: https://corvxvw-yic23792.snowflakecomputing.com, user: DennisNi028, password is provided, role: undefined, database: WAHOOWEST, schema: PUBLIC, warehouse: COMPUTE_WH, region: undefined, authenticator: SNOWFLAKE, ocsp mode: FAIL_OPEN, os: darwin, os version: 25.3.0"}
{"level":"INFO","message":"[7:38:46.518 AM]: Connection[id: e601db5d-7097-41e4-b650-30ebd2b9cbec] additional details: passcode in password is provided, passcode is not provided, private key is not provided, application: undefined, client name: snowflake-sdk, client version: 1.15.0, retry timeout: 300, private key path: undefined, private key pass is not provided, client store temporary credential: false, browser response timeout: 120000"}
{"level":"INFO","message":"[7:38:46.518 AM]: Connection[id: e601db5d-7097-41e4-b650-30ebd2b9cbec] - connection object created successfully."}
{"level":"INFO","message":"[7:38:46.519 AM]: Connection[id: e601db5d-7097-41e4-b650-30ebd2b9cbec] - connecting. Associated Snowflake domain: GLOBAL"}
{"level":"INFO","message":"[7:38:46.519 AM]: Connection[id: e601db5d-7097-41e4-b650-30ebd2b9cbec] - authentication successful using: SNOWFLAKE"}
{"level":"INFO","message":"[7:38:46.519 AM]: Connection[id: e601db5d-7097-41e4-b650-30ebd2b9cbec] - connected successfully after 0.8603749999892898 milliseconds"}
{"level":"INFO","message":"[7:49:13.104 AM]: Creating new connection object"}
{"level":"INFO","message":"[7:49:13.136 AM]: Creating Connection[id: c942d7e7-fbdf-4819-a86b-7bdc384eed63] with host: corvxvw-yic23792.snowflakecomputing.com, account: corvxvw-yic23792, accessUrl: https://corvxvw-yic23792.snowflakecomputing.com, user: DennisNi028, password is provided, role: undefined, database: WAHOOWEST, schema: PUBLIC, warehouse: COMPUTE_WH, region: undefined, authenticator: SNOWFLAKE, ocsp mode: FAIL_OPEN, os: darwin, os version: 25.3.0"}
{"level":"INFO","message":"[7:49:13.137 AM]: Connection[id: c942d7e7-fbdf-4819-a86b-7bdc384eed63] additional details: passcode in password is provided, passcode is not provided, private key is not provided, application: undefined, client name: snowflake-sdk, client version: 1.15.0, retry timeout: 300, private key path: undefined, private key pass is not provided, client store temporary credential: false, browser response timeout: 120000"}
{"level":"INFO","message":"[7:49:13.137 AM]: Connection[id: c942d7e7-fbdf-4819-a86b-7bdc384eed63] - connection object created successfully."}
{"level":"INFO","message":"[7:49:13.138 AM]: Connection[id: c942d7e7-fbdf-4819-a86b-7bdc384eed63] - connecting. Associated Snowflake domain: GLOBAL"}
{"level":"INFO","message":"[7:49:13.139 AM]: Connection[id: c942d7e7-fbdf-4819-a86b-7bdc384eed63] - authentication successful using: SNOWFLAKE"}
{"level":"INFO","message":"[7:49:13.140 AM]: Trying to initialize Easy Logging"}
{"level":"INFO","message":"[7:49:13.142 AM]: No client config detected."}
{"level":"INFO","message":"[7:49:13.143 AM]: No config file path found. Client config will not be used."}
{"level":"INFO","message":"[7:49:13.143 AM]: Easy Logging is disabled as no config has been found"}
{"level":"INFO","message":"[7:49:13.147 AM]: Connection[id: c942d7e7-fbdf-4819-a86b-7bdc384eed63] - connected successfully after 8.783583000004 milliseconds"}
{"level":"INFO","message":"[7:49:14.926 AM]: Creating new connection object"}
{"level":"INFO","message":"[7:49:14.927 AM]: Creating Connection[id: 2d434d13-d8ad-40a0-9d8f-ae4588ad4503] with host: corvxvw-yic23792.snowflakecomputing.com, account: corvxvw-yic23792, accessUrl: https://corvxvw-yic23792.snowflakecomputing.com, user: DennisNi028, password is provided, role: undefined, database: WAHOOWEST, schema: PUBLIC, warehouse: COMPUTE_WH, region: undefined, authenticator: SNOWFLAKE, ocsp mode: FAIL_OPEN, os: darwin, os version: 25.3.0"}
{"level":"INFO","message":"[7:49:14.927 AM]: Connection[id: 2d434d13-d8ad-40a0-9d8f-ae4588ad4503] additional details: passcode in password is provided, passcode is not provided, private key is not provided, application: undefined, client name: snowflake-sdk, client version: 1.15.0, retry timeout: 300, private key path: undefined, private key pass is not provided, client store temporary credential: false, browser response timeout: 120000"}
{"level":"INFO","message":"[7:49:14.927 AM]: Connection[id: 2d434d13-d8ad-40a0-9d8f-ae4588ad4503] - connection object created successfully."}
{"level":"INFO","message":"[7:49:14.927 AM]: Connection[id: 2d434d13-d8ad-40a0-9d8f-ae4588ad4503] - connecting. Associated Snowflake domain: GLOBAL"}
{"level":"INFO","message":"[7:49:14.927 AM]: Connection[id: 2d434d13-d8ad-40a0-9d8f-ae4588ad4503] - authentication successful using: SNOWFLAKE"}
{"level":"INFO","message":"[7:49:14.928 AM]: Connection[id: 2d434d13-d8ad-40a0-9d8f-ae4588ad4503] - connected successfully after 0.7590830000044662 milliseconds"}
{"level":"INFO","message":"[7:51:12.928 AM]: Creating new connection object"}
{"level":"INFO","message":"[7:51:12.932 AM]: Creating Connection[id: df5c6398-d8c4-47b2-b869-da74e397bd0c] with host: corvxvw-yic23792.snowflakecomputing.com, account: corvxvw-yic23792, accessUrl: https://corvxvw-yic23792.snowflakecomputing.com, user: DennisNi028, password is provided, role: undefined, database: WAHOOWEST, schema: PUBLIC, warehouse: COMPUTE_WH, region: undefined, authenticator: SNOWFLAKE, ocsp mode: FAIL_OPEN, os: darwin, os version: 25.3.0"}
{"level":"INFO","message":"[7:51:12.932 AM]: Connection[id: df5c6398-d8c4-47b2-b869-da74e397bd0c] additional details: passcode in password is provided, passcode is not provided, private key is not provided, application: undefined, client name: snowflake-sdk, client version: 1.15.0, retry timeout: 300, private key path: undefined, private key pass is not provided, client store temporary credential: false, browser response timeout: 120000"}
{"level":"INFO","message":"[7:51:12.932 AM]: Connection[id: df5c6398-d8c4-47b2-b869-da74e397bd0c] - connection object created successfully."}
{"level":"INFO","message":"[7:51:12.932 AM]: Connection[id: df5c6398-d8c4-47b2-b869-da74e397bd0c] - connecting. Associated Snowflake domain: GLOBAL"}
{"level":"INFO","message":"[7:51:12.933 AM]: Connection[id: df5c6398-d8c4-47b2-b869-da74e397bd0c] - authentication successful using: SNOWFLAKE"}
{"level":"INFO","message":"[7:51:12.937 AM]: Connection[id: df5c6398-d8c4-47b2-b869-da74e397bd0c] - connected successfully after 4.731375000003027 milliseconds"}
{"level":"INFO","message":"[8:00:02.884 AM]: Creating new connection object"}
{"level":"INFO","message":"[8:00:02.912 AM]: Creating Connection[id: 84a84173-49c8-4e0c-a62f-f02d97b8a05c] with host: corvxvw-yic23792.snowflakecomputing.com, account: corvxvw-yic23792, accessUrl: https://corvxvw-yic23792.snowflakecomputing.com, user: DennisNi028, password is provided, role: undefined, database: WAHOOWEST, schema: PUBLIC, warehouse: COMPUTE_WH, region: undefined, authenticator: SNOWFLAKE, ocsp mode: FAIL_OPEN, os: darwin, os version: 25.3.0"}
{"level":"INFO","message":"[8:00:02.912 AM]: Connection[id: 84a84173-49c8-4e0c-a62f-f02d97b8a05c] additional details: passcode in password is provided, passcode is not provided, private key is not provided, application: undefined, client name: snowflake-sdk, client version: 1.15.0, retry timeout: 300, private key path: undefined, private key pass is not provided, client store temporary credential: false, browser response timeout: 120000"}
{"level":"INFO","message":"[8:00:02.913 AM]: Connection[id: 84a84173-49c8-4e0c-a62f-f02d97b8a05c] - connection object created successfully."}
{"level":"INFO","message":"[8:00:02.913 AM]: Connection[id: 84a84173-49c8-4e0c-a62f-f02d97b8a05c] - connecting. Associated Snowflake domain: GLOBAL"}
{"level":"INFO","message":"[8:00:02.914 AM]: Connection[id: 84a84173-49c8-4e0c-a62f-f02d97b8a05c] - authentication successful using: SNOWFLAKE"}
{"level":"INFO","message":"[8:00:02.914 AM]: Trying to initialize Easy Logging"}
{"level":"INFO","message":"[8:00:02.919 AM]: No client config detected."}
{"level":"INFO","message":"[8:00:02.919 AM]: No config file path found. Client config will not be used."}
{"level":"INFO","message":"[8:00:02.919 AM]: Easy Logging is disabled as no config has been found"}
{"level":"INFO","message":"[8:00:02.922 AM]: Connection[id: 84a84173-49c8-4e0c-a62f-f02d97b8a05c] - connected successfully after 8.920124999996915 milliseconds"}
{"level":"INFO","message":"[8:59:37.167 AM]: Creating new connection object"}
{"level":"INFO","message":"[8:59:37.194 AM]: Creating Connection[id: 33f62f3a-b304-42e3-ba37-b99bf2e72b16] with host: corvxvw-yic23792.snowflakecomputing.com, account: corvxvw-yic23792, accessUrl: https://corvxvw-yic23792.snowflakecomputing.com, user: DennisNi028, password is provided, role: undefined, database: WAHOOWEST, schema: PUBLIC, warehouse: COMPUTE_WH, region: undefined, authenticator: SNOWFLAKE, ocsp mode: FAIL_OPEN, os: darwin, os version: 25.3.0"}
{"level":"INFO","message":"[8:59:37.194 AM]: Connection[id: 33f62f3a-b304-42e3-ba37-b99bf2e72b16] additional details: passcode in password is provided, passcode is not provided, private key is not provided, application: undefined, client name: snowflake-sdk, client version: 1.15.0, retry timeout: 300, private key path: undefined, private key pass is not provided, client store temporary credential: false, browser response timeout: 120000"}
{"level":"INFO","message":"[8:59:37.195 AM]: Connection[id: 33f62f3a-b304-42e3-ba37-b99bf2e72b16] - connection object created successfully."}
{"level":"INFO","message":"[8:59:37.195 AM]: Connection[id: 33f62f3a-b304-42e3-ba37-b99bf2e72b16] - connecting. Associated Snowflake domain: GLOBAL"}
{"level":"INFO","message":"[8:59:37.196 AM]: Connection[id: 33f62f3a-b304-42e3-ba37-b99bf2e72b16] - authentication successful using: SNOWFLAKE"}
{"level":"INFO","message":"[8:59:37.197 AM]: Trying to initialize Easy Logging"}
{"level":"INFO","message":"[8:59:37.198 AM]: No client config detected."}
{"level":"INFO","message":"[8:59:37.199 AM]: No config file path found. Client config will not be used."}
{"level":"INFO","message":"[8:59:37.199 AM]: Easy Logging is disabled as no config has been found"}
{"level":"INFO","message":"[8:59:37.203 AM]: Connection[id: 33f62f3a-b304-42e3-ba37-b99bf2e72b16] - connected successfully after 7.5234159999963595 milliseconds"}
{"level":"INFO","message":"[9:06:01.870 AM]: Creating new connection object"}
{"level":"INFO","message":"[9:06:01.911 AM]: Creating Connection[id: e0c6248a-c2f7-4fd5-af66-d18a0b4840d4] with host: corvxvw-yic23792.snowflakecomputing.com, account: corvxvw-yic23792, accessUrl: https://corvxvw-yic23792.snowflakecomputing.com, user: DennisNi028, password is provided, role: undefined, database: WAHOOWEST, schema: PUBLIC, warehouse: COMPUTE_WH, region: undefined, authenticator: SNOWFLAKE, ocsp mode: FAIL_OPEN, os: darwin, os version: 25.3.0"}
{"level":"INFO","message":"[9:06:01.911 AM]: Connection[id: e0c6248a-c2f7-4fd5-af66-d18a0b4840d4] additional details: passcode in password is provided, passcode is not provided, private key is not provided, application: undefined, client name: snowflake-sdk, client version: 1.15.0, retry timeout: 300, private key path: undefined, private key pass is not provided, client store temporary credential: false, browser response timeout: 120000"}
{"level":"INFO","message":"[9:06:01.912 AM]: Connection[id: e0c6248a-c2f7-4fd5-af66-d18a0b4840d4] - connection object created successfully."}
{"level":"INFO","message":"[9:06:01.912 AM]: Connection[id: e0c6248a-c2f7-4fd5-af66-d18a0b4840d4] - connecting. Associated Snowflake domain: GLOBAL"}
{"level":"INFO","message":"[9:06:01.913 AM]: Connection[id: e0c6248a-c2f7-4fd5-af66-d18a0b4840d4] - authentication successful using: SNOWFLAKE"}
{"level":"INFO","message":"[9:06:01.913 AM]: Trying to initialize Easy Logging"}
{"level":"INFO","message":"[9:06:01.917 AM]: No client config detected."}
{"level":"INFO","message":"[9:06:01.917 AM]: No config file path found. Client config will not be used."}
{"level":"INFO","message":"[9:06:01.918 AM]: Easy Logging is disabled as no config has been found"}
{"level":"INFO","message":"[9:06:01.922 AM]: Connection[id: e0c6248a-c2f7-4fd5-af66-d18a0b4840d4] - connected successfully after 9.002957999997307 milliseconds"}
